# serializer version: 1
# name: TestPRM002.test_rule
  '''
  ━━━ Diagnostics ━━━━━━━━━━━━━━━━━━━━━━━━━━━━━━━━━━
  
  prm002.py:8:5: PRM002 [safe] Function has no parameters but docstring has Args/Parameters section.
     |
   7 | 
   8 |     Args:
     |     ^^^^
   9 |         x: A parameter that does not exist.
     |
  
  ━━━ Diff ━━━━━━━━━━━━━━━━━━━━━━━━━━━━━━━━━━━━━━━━━
  
  --- prm002.py
  +++ prm002.py (fixed)
  @@ -4,9 +4,6 @@
   # violation
   def no_params_has_args():
       """Do something.
  -
  -    Args:
  -        x: A parameter that does not exist.
       """
       pass
  '''
# ---
