# serializer version: 1
# name: TestPRM202.test_rule
  '''
  ━━━ Diagnostics ━━━━━━━━━━━━━━━━━━━━━━━━━━━━━━━━━━
  
  PRM202 [unsafe] Parameter 'x' has default value but docstring does not mention 'default'.
    --> prm202.py:9:9
     |
   7 | 
   8 |     Args:
   9 |         x (int, optional): The argument value.
     |         ^
  10 |     """
  11 |     pass
     |
  
  ━━━ Diff ━━━━━━━━━━━━━━━━━━━━━━━━━━━━━━━━━━━━━━━━━
  
  --- prm202.py
  +++ prm202.py (fixed)
  @@ -6,7 +6,7 @@
       """Do something.
   
       Args:
  -        x (int, optional): The argument value.
  +        x (int, optional): The argument value. Defaults to 42.
       """
       pass
  '''
# ---
