# serializer version: 1
# name: TestPRM104.test_rule
  '''
  ━━━ Diagnostics ━━━━━━━━━━━━━━━━━━━━━━━━━━━━━━━━━━
  
  prm104.py:10:12: PRM104 [safe] Parameter 'x' has redundant type in docstring.
     |
   9 |     Args:
  10 |         x (int): Has both signature annotation and docstring type (redundant).
     |            ^^^
  11 |     """
     |
  
  ━━━ Diff ━━━━━━━━━━━━━━━━━━━━━━━━━━━━━━━━━━━━━━━━━
  
  --- prm104.py
  +++ prm104.py (fixed)
  @@ -7,7 +7,7 @@
       """Do something.
   
       Args:
  -        x (int): Has both signature annotation and docstring type (redundant).
  +        x: Has both signature annotation and docstring type (redundant).
       """
       pass
  '''
# ---
