# serializer version: 1
# name: TestPRM007.test_rule
  '''
  ━━━ Diagnostics ━━━━━━━━━━━━━━━━━━━━━━━━━━━━━━━━━━
  
  PRM007 [unsafe] Parameter 'x' is documented more than once.
    --> prm007.py:11:9
     |
   9 |         x (int): The first argument.
  10 |         y (str): The second argument.
  11 |         x (int): Duplicate entry for x.
     |         ^
  12 |     """
  13 |     pass
     |
  
  ━━━ Diff ━━━━━━━━━━━━━━━━━━━━━━━━━━━━━━━━━━━━━━━━━
  
  --- prm007.py
  +++ prm007.py (fixed)
  @@ -8,7 +8,6 @@
       Args:
           x (int): The first argument.
           y (str): The second argument.
  -        x (int): Duplicate entry for x.
       """
       pass
  '''
# ---
