# serializer version: 1
# name: TestPRM103.test_rule
  '''
  ━━━ Diagnostics ━━━━━━━━━━━━━━━━━━━━━━━━━━━━━━━━━━
  
  prm103.py:10:9: PRM103 [unsafe] Parameter 'x' has no type in docstring.
     |
   8 | 
   9 |     Args:
  10 |         x: Has signature annotation but no docstring type.
     |         ^ PRM103
  11 |     """
  12 |     pass
     |
  
  ━━━ Diff ━━━━━━━━━━━━━━━━━━━━━━━━━━━━━━━━━━━━━━━━━
  
  --- prm103.py
  +++ prm103.py (fixed)
  @@ -7,7 +7,7 @@
       """Do something.
   
       Args:
  -        x: Has signature annotation but no docstring type.
  +        x (int): Has signature annotation but no docstring type.
       """
       pass
  '''
# ---
