# serializer version: 1
# name: TestPRM102.test_rule
  '''
  ━━━ Diagnostics ━━━━━━━━━━━━━━━━━━━━━━━━━━━━━━━━━━
  
  prm102.py:9:9: PRM102 [] Parameter 'x' has no type in docstring or signature.
     |
   8 |     Args:
   9 |         x: No type in docstring, no annotation in signature.
     |         ^
  10 |     """
     |
  
  ━━━ Diff ━━━━━━━━━━━━━━━━━━━━━━━━━━━━━━━━━━━━━━━━━
  
  (no fix)
  '''
# ---
