# serializer version: 1
# name: TestPRM001.test_rule
  '''
  ━━━ Diagnostics ━━━━━━━━━━━━━━━━━━━━━━━━━━━━━━━━━━
  
  prm001.py:6:8: PRM001 [unsafe] Missing Args/Parameters section in docstring.
     |
   5 | def missing_args_section(x: int, y: str) -> None:
   6 |     """Do something."""
     |        ^^^^^^^^^^^^^
   7 |     pass
     |
  
  ━━━ Diff ━━━━━━━━━━━━━━━━━━━━━━━━━━━━━━━━━━━━━━━━━
  
  --- prm001.py
  +++ prm001.py (fixed)
  @@ -3,7 +3,12 @@
   
   # violation
   def missing_args_section(x: int, y: str) -> None:
  -    """Do something."""
  +    """Do something.
  +
  +    Args:
  +        x (int):
  +        y (str):
  +    """
       pass
  '''
# ---
