# serializer version: 1
# name: TestPRM105.test_rule
  '''
  ━━━ Diagnostics ━━━━━━━━━━━━━━━━━━━━━━━━━━━━━━━━━━
  
  prm105.py:10:9: PRM105 [] Parameter 'x' has no type annotation in signature.
     |
   9 |     Args:
  10 |         x: Has no signature annotation when signature style is required.
     |         ^
  11 |     """
     |
  
  ━━━ Diff ━━━━━━━━━━━━━━━━━━━━━━━━━━━━━━━━━━━━━━━━━
  
  (no fix)
  '''
# ---
