# serializer version: 1
# name: TestPRM005.test_rule
  '''
  ━━━ Diagnostics ━━━━━━━━━━━━━━━━━━━━━━━━━━━━━━━━━━
  
  prm005.py:10:9: PRM005 [unsafe] Parameter 'z' not in function signature.
     |
   9 |         x (int): The argument.
  10 |         z (str): This parameter does not exist.
     |         ^
  11 |     """
     |
  
  ━━━ Diff ━━━━━━━━━━━━━━━━━━━━━━━━━━━━━━━━━━━━━━━━━
  
  --- prm005.py
  +++ prm005.py (fixed)
  @@ -7,7 +7,6 @@
   
       Args:
           x (int): The argument.
  -        z (str): This parameter does not exist.
       """
       pass
  '''
# ---
