# serializer version: 1
# name: TestPRM105.test_rule
  '''
  ━━━ Diagnostics ━━━━━━━━━━━━━━━━━━━━━━━━━━━━━━━━━━
  
  PRM105 Parameter 'x' has no type annotation in signature.
    --> prm105.py:10:9
     |
   8 | 
   9 |     Args:
  10 |         x: Has no signature annotation when signature style is required.
     |         ^
  11 |     """
  12 |     pass
     |
  
  ━━━ Diff ━━━━━━━━━━━━━━━━━━━━━━━━━━━━━━━━━━━━━━━━━
  
  (no fix)
  '''
# ---
