# serializer version: 1
# name: TestPRM008.test_rule
  '''
  ━━━ Diagnostics ━━━━━━━━━━━━━━━━━━━━━━━━━━━━━━━━━━
  
  prm008.py:9:9: PRM008 [] Parameter 'x' has no description.
     |
   8 |     Args:
   9 |         x (int):
     |         ^
  10 |     """
     |
  
  ━━━ Diff ━━━━━━━━━━━━━━━━━━━━━━━━━━━━━━━━━━━━━━━━━
  
  (no fix)
  '''
# ---
