# serializer version: 1
# name: TestPRM009.test_rule
  '''
  ━━━ Diagnostics ━━━━━━━━━━━━━━━━━━━━━━━━━━━━━━━━━━
  
  prm009.py:9:9: PRM009 [safe] Docstring parameter 'args' should be '*args'.
     |
   8 |     Args:
   9 |         args (int): Positional arguments without * prefix.
     |         ^^^^
  10 |         kwargs (str): Keyword arguments without ** prefix.
     |
  
  prm009.py:10:9: PRM009 [safe] Docstring parameter 'kwargs' should be '**kwargs'.
     |
   9 |         args (int): Positional arguments without * prefix.
  10 |         kwargs (str): Keyword arguments without ** prefix.
     |         ^^^^^^
  11 |     """
     |
  
  ━━━ Diff ━━━━━━━━━━━━━━━━━━━━━━━━━━━━━━━━━━━━━━━━━
  
  --- prm009.py
  +++ prm009.py (fixed)
  @@ -6,8 +6,8 @@
       """Do something.
   
       Args:
  -        args (int): Positional arguments without * prefix.
  -        kwargs (str): Keyword arguments without ** prefix.
  +        *args (int): Positional arguments without * prefix.
  +        **kwargs (str): Keyword arguments without ** prefix.
       """
       pass
  '''
# ---
