# serializer version: 1
# name: TestPRM008.test_rule
  '''
  ━━━ Diagnostics ━━━━━━━━━━━━━━━━━━━━━━━━━━━━━━━━━━
  
  PRM008 Parameter 'x' has no description.
    --> prm008.py:9:9
     |
   7 | 
   8 |     Args:
   9 |         x (int):
     |         ^
  10 |     """
  11 |     pass
     |
  
  ━━━ Diff ━━━━━━━━━━━━━━━━━━━━━━━━━━━━━━━━━━━━━━━━━
  
  (no fix)
  '''
# ---
