# serializer version: 1
# name: TestPRM003.test_rule
  '''
  ━━━ Diagnostics ━━━━━━━━━━━━━━━━━━━━━━━━━━━━━━━━━━
  
  prm003.py:10:13: PRM003 [safe] Docstring should not document 'self'.
     |
   9 |         Args:
  10 |             self: The instance (should not be documented).
     |             ^^^^
  11 |             x (int): The argument.
     |
  
  ━━━ Diff ━━━━━━━━━━━━━━━━━━━━━━━━━━━━━━━━━━━━━━━━━
  
  --- prm003.py
  +++ prm003.py (fixed)
  @@ -7,7 +7,6 @@
           """Do something.
   
           Args:
  -            self: The instance (should not be documented).
               x (int): The argument.
           """
           pass
  '''
# ---
