# serializer version: 1
# name: TestSUM002.test_rule
  '''
  ━━━ Diagnostics ━━━━━━━━━━━━━━━━━━━━━━━━━━━━━━━━━━
  
  SUM002 [*] Summary should end with a period.
    --> sum002.py:6:8
     |
   4 | # violation
   5 | def missing_period():
   6 |     """Do something"""
     |        ^^^^^^^^^^^^
   7 |     pass
   8 | 
     |
  
  SUM002 [*] Summary should end with a period.
    --> sum002.py:11:8
     |
   9 | 
  10 | def multiline_missing_period(x: int) -> int:
  11 |     """Do something with x
     |        ^^^^^^^^^^^^^^^^^^^
  12 | 
  13 |     Args:
     |
  
  ━━━ Diff ━━━━━━━━━━━━━━━━━━━━━━━━━━━━━━━━━━━━━━━━━
  
  --- sum002.py
  +++ sum002.py (fixed)
  @@ -3,12 +3,12 @@
   
   # violation
   def missing_period():
  -    """Do something"""
  +    """Do something."""
       pass
   
   
   def multiline_missing_period(x: int) -> int:
  -    """Do something with x
  +    """Do something with x.
   
       Args:
           x (int): The input value.
  '''
# ---
