# serializer version: 1
# name: TestSUM001.test_rule
  '''
  ━━━ Diagnostics ━━━━━━━━━━━━━━━━━━━━━━━━━━━━━━━━━━
  
  sum001.py:6:8: SUM001 Docstring has no summary line.
     |
   4 | # violation
   5 | def no_summary():
   6 |     """
     |        ^
   7 |     Args:
     | ^^^^^^^^^
   8 |         x: A parameter.
     | ^^^^^^^^^^^^^^^^^^^^^^^
   9 |     """
     | ^^^^ SUM001
  10 |     pass
  11 | 
     |
  
  ━━━ Diff ━━━━━━━━━━━━━━━━━━━━━━━━━━━━━━━━━━━━━━━━━
  
  (no fix)
  '''
# ---
