# serializer version: 1
# name: TestCLS202.test_rule
  '''
  ━━━ Diagnostics ━━━━━━━━━━━━━━━━━━━━━━━━━━━━━━━━━━
  
  cls202.py:9:9: CLS202 [safe] __init__ docstring should not have a Yields section.
     |
   8 | 
   9 |         Yields:
     |         ^^^^^^^
  10 |             int: Nothing.
     | ^^^^^^^^^^^^^^^^^^^^^^^^^
  11 |         """
     |
  
  ━━━ Diff ━━━━━━━━━━━━━━━━━━━━━━━━━━━━━━━━━━━━━━━━━
  
  --- cls202.py
  +++ cls202.py (fixed)
  @@ -5,9 +5,6 @@
   class InitHasYieldsSection:
       def __init__(self, x: int) -> None:
           """Initialize.
  -
  -        Yields:
  -            int: Nothing.
           """
           self.x = x
  '''
# ---
