# serializer version: 1
# name: TestCLS103.test_rule
  '''
  ━━━ Diagnostics ━━━━━━━━━━━━━━━━━━━━━━━━━━━━━━━━━━
  
  cls103.py:9:5: CLS103 [unsafe] Class docstring should not have an Args/Parameters section when class_docstring_style is 'init'.
     |
   8 | 
   9 |     Args:
     |     ^^^^^
  10 |         x: The value.
     | ^^^^^^^^^^^^^^^^^^^^^
  11 |     """
     |
  
  ━━━ Diff ━━━━━━━━━━━━━━━━━━━━━━━━━━━━━━━━━━━━━━━━━
  
  --- cls103.py
  +++ cls103.py (fixed)
  @@ -5,9 +5,6 @@
   # violation: class docstring has Args section but style is 'init'
   class HasArgsSectionInit:
       """A class.
  -
  -    Args:
  -        x: The value.
       """
   
       def __init__(self, x: int) -> None:
  '''
# ---
