# serializer version: 1
# name: TestCLS001.test_rule
  '''
  ━━━ Diagnostics ━━━━━━━━━━━━━━━━━━━━━━━━━━━━━━━━━━
  
  cls001.py:9:12: CLS001 [] __init__ has its own docstring but the class also has a docstring.
     |
   8 |     def __init__(self, x: int) -> None:
   9 |         """Initialize with x."""
     |            ^^^^^^^^^^^^^^^^^^
  10 |         self.x = x
     |
  
  ━━━ Diff ━━━━━━━━━━━━━━━━━━━━━━━━━━━━━━━━━━━━━━━━━
  
  (no fix)
  '''
# ---
