# serializer version: 1
# name: TestCLS206.test_rule
  '''
  ━━━ Diagnostics ━━━━━━━━━━━━━━━━━━━━━━━━━━━━━━━━━━
  
  cls206.py:8:12: CLS206 [unsafe] __init__ docstring is missing a Raises section (class_docstring_style is 'init').
     |
   7 |     def __init__(self, x: int) -> None:
   8 |         """Initialize.
     |            ^^^^^^^^^^^
   9 | 
     |
  
  ━━━ Diff ━━━━━━━━━━━━━━━━━━━━━━━━━━━━━━━━━━━━━━━━━
  
  --- cls206.py
  +++ cls206.py (fixed)
  @@ -9,6 +9,9 @@
   
           Args:
               x: The value.
  +
  +        Raises:
  +            ValueError:
           """
           if x < 0:
               raise ValueError("x must be non-negative")
  '''
# ---
