# serializer version: 1
# name: TestYLD103.test_rule
  '''
  ━━━ Diagnostics ━━━━━━━━━━━━━━━━━━━━━━━━━━━━━━━━━━
  
  yld103.py:12:9: YLD103 [unsafe] Yield has no type in docstring.
     |
  11 |     Yields:
  12 |         The value with no type in docstring.
     |         ^^^^^^^^^^^^^^^^^^^^^^^^^^^^^^^^^^^^
  13 |     """
     |
  
  ━━━ Diff ━━━━━━━━━━━━━━━━━━━━━━━━━━━━━━━━━━━━━━━━━
  
  --- yld103.py
  +++ yld103.py (fixed)
  @@ -9,7 +9,7 @@
       """Do something.
   
       Yields:
  -        The value with no type in docstring.
  +        int: The value with no type in docstring.
       """
       yield 42
  '''
# ---
