# serializer version: 1
# name: TestYLD102.test_rule
  '''
  ━━━ Diagnostics ━━━━━━━━━━━━━━━━━━━━━━━━━━━━━━━━━━
  
  yld102.py:11:9: YLD102 Yield type not in docstring or signature.
     |
   9 | 
  10 |     Yields:
  11 |         The value with no type anywhere.
     |         ^^^^^^^^^^^^^^^^^^^^^^^^^^^^^^^^ YLD102
  12 |     """
  13 |     yield 42
     |
  
  ━━━ Diff ━━━━━━━━━━━━━━━━━━━━━━━━━━━━━━━━━━━━━━━━━
  
  (no fix)
  '''
# ---
