# serializer version: 1
# name: TestYLD003.test_rule
  '''
  ━━━ Diagnostics ━━━━━━━━━━━━━━━━━━━━━━━━━━━━━━━━━━
  
  YLD003 Yields section has no description.
    --> yld003.py:11:9
     |
   9 | 
  10 |     Yields:
  11 |         int:
     |         ^^^
  12 |     """
  13 |     yield 42
     |
  
  ━━━ Diff ━━━━━━━━━━━━━━━━━━━━━━━━━━━━━━━━━━━━━━━━━
  
  (no fix)
  '''
# ---
