# serializer version: 1
# name: TestYLD001.test_rule
  '''
  ━━━ Diagnostics ━━━━━━━━━━━━━━━━━━━━━━━━━━━━━━━━━━
  
  YLD001 [unsafe] Missing Yields section in docstring.
    --> yld001.py:9:8
     |
   7 | # violation
   8 | def missing_yields_section() -> Iterator[int]:
   9 |     """Do something."""
     |        ^^^^^^^^^^^^^
  10 |     yield 42
  11 | 
     |
  
  ━━━ Diff ━━━━━━━━━━━━━━━━━━━━━━━━━━━━━━━━━━━━━━━━━
  
  --- yld001.py
  +++ yld001.py (fixed)
  @@ -6,7 +6,11 @@
   
   # violation
   def missing_yields_section() -> Iterator[int]:
  -    """Do something."""
  +    """Do something.
  +
  +    Yields:
  +        int:
  +    """
       yield 42
  '''
# ---
