# serializer version: 1
# name: TestYLD102.test_rule
  '''
  ━━━ Diagnostics ━━━━━━━━━━━━━━━━━━━━━━━━━━━━━━━━━━
  
  yld102.py:11:9: YLD102 [] Yield type not in docstring or signature.
     |
  10 |     Yields:
  11 |         The value with no type anywhere.
     |         ^^^^^^^^^^^^^^^^^^^^^^^^^^^^^^^^
  12 |     """
     |
  
  ━━━ Diff ━━━━━━━━━━━━━━━━━━━━━━━━━━━━━━━━━━━━━━━━━
  
  (no fix)
  '''
# ---
