# serializer version: 1
# name: TestYLD002.test_rule
  '''
  ━━━ Diagnostics ━━━━━━━━━━━━━━━━━━━━━━━━━━━━━━━━━━
  
  yld002.py:10:5: YLD002 [*] Unnecessary Yields section in docstring.
     |
   8 |     """Do something.
   9 | 
  10 |     Yields:
     |     ^^^^^^ YLD002
  11 |         int: This function doesn't actually yield anything.
  12 |     """
     |
  
  ━━━ Diff ━━━━━━━━━━━━━━━━━━━━━━━━━━━━━━━━━━━━━━━━━
  
  --- yld002.py
  +++ yld002.py (fixed)
  @@ -6,9 +6,6 @@
   # violation
   def not_generator_has_yields() -> None:
       """Do something.
  -
  -    Yields:
  -        int: This function doesn't actually yield anything.
       """
       pass
  '''
# ---
