# serializer version: 1
# name: TestDOC003.test_rule
  '''
  ━━━ Diagnostics ━━━━━━━━━━━━━━━━━━━━━━━━━━━━━━━━━━
  
  doc003.py:7:5: DOC003 [*] One-line docstring should be written on a single line.
     |
   5 | def summary_only_multiline():
   6 |     """
   7 |     Do something.
     |     ^^^^^^^^^^^^^ DOC003
   8 |     """
   9 |     pass
     |
  
  doc003.py:14:8: DOC003 [*] One-line docstring should be written on a single line.
     |
  12 | # violation: extra blank line before closing quotes
  13 | def summary_only_blank_line():
  14 |     """Do something.
     |        ^^^^^^^^^^^^^ DOC003
  15 | 
  16 |     """
     |
  
  ━━━ Diff ━━━━━━━━━━━━━━━━━━━━━━━━━━━━━━━━━━━━━━━━━
  
  --- doc003.py
  +++ doc003.py (fixed)
  @@ -3,17 +3,13 @@
   
   # violation
   def summary_only_multiline():
  -    """
  -    Do something.
  -    """
  +    """Do something."""
       pass
   
   
   # violation: extra blank line before closing quotes
   def summary_only_blank_line():
  -    """Do something.
  -
  -    """
  +    """Do something."""
       pass
  '''
# ---
