# serializer version: 1
# name: TestDOC002.test_rule
  '''
  ━━━ Diagnostics ━━━━━━━━━━━━━━━━━━━━━━━━━━━━━━━━━━
  
  doc002.py:9:7: DOC002 [safe] Expected 8-space indentation, found 6.
     |
   8 |     Args:
   9 |       x: Under-indented entry (should be 8 spaces, got 6).
     |       ^^^^^^^^^^^^^^^^^^^^^^^^^^^^^^^^^^^^^^^^^^^^^^^^^^^^
  10 |     """
     |
  
  ━━━ Diff ━━━━━━━━━━━━━━━━━━━━━━━━━━━━━━━━━━━━━━━━━
  
  --- doc002.py
  +++ doc002.py (fixed)
  @@ -6,7 +6,7 @@
       """Do something.
   
       Args:
  -      x: Under-indented entry (should be 8 spaces, got 6).
  +        x: Under-indented entry (should be 8 spaces, got 6).
       """
       return x
  '''
# ---
