# serializer version: 1
# name: TestRIS005.test_rule
  '''
  ━━━ Diagnostics ━━━━━━━━━━━━━━━━━━━━━━━━━━━━━━━━━━
  
  ris005.py:10:9: RIS005 [unsafe] Raises entry 'TypeError' not raised in function body.
     |
   9 |         ValueError: When value is wrong.
  10 |         TypeError: This exception is never raised.
     |         ^^^^^^^^^
  11 |     """
     |
  
  ━━━ Diff ━━━━━━━━━━━━━━━━━━━━━━━━━━━━━━━━━━━━━━━━━
  
  --- ris005.py
  +++ ris005.py (fixed)
  @@ -7,7 +7,6 @@
   
       Raises:
           ValueError: When value is wrong.
  -        TypeError: This exception is never raised.
       """
       raise ValueError("something went wrong")
  '''
# ---
