# serializer version: 1
# name: TestRIS004.test_rule
  '''
  ━━━ Diagnostics ━━━━━━━━━━━━━━━━━━━━━━━━━━━━━━━━━━
  
  ris004.py:8:5: RIS004 [unsafe] Raised exception 'ValueError' not documented in Raises section.
     |
   7 | 
   8 |     Raises:
     |     ^^^^^^
   9 |         TypeError: When type is wrong.
     |
  
  ━━━ Diff ━━━━━━━━━━━━━━━━━━━━━━━━━━━━━━━━━━━━━━━━━
  
  --- ris004.py
  +++ ris004.py (fixed)
  @@ -7,6 +7,7 @@
   
       Raises:
           TypeError: When type is wrong.
  +        ValueError:
       """
       raise ValueError("undocumented exception")
       raise TypeError("documented exception")
  '''
# ---
