# serializer version: 1
# name: TestRIS003.test_rule
  '''
  ━━━ Diagnostics ━━━━━━━━━━━━━━━━━━━━━━━━━━━━━━━━━━
  
  RIS003 Raises entry has no description.
    --> ris003.py:9:9
     |
   7 | 
   8 |     Raises:
   9 |         ValueError:
     |         ^^^^^^^^^^
  10 |     """
  11 |     raise ValueError("something went wrong")
     |
  
  ━━━ Diff ━━━━━━━━━━━━━━━━━━━━━━━━━━━━━━━━━━━━━━━━━
  
  (no fix)
  '''
# ---
