# serializer version: 1
# name: TestRIS001.test_rule
  '''
  ━━━ Diagnostics ━━━━━━━━━━━━━━━━━━━━━━━━━━━━━━━━━━
  
  ris001.py:7:8: RIS001 [unsafe] Missing Raises section in docstring.
     |
   6 | def missing_raises_section():
   7 |     """Do something."""
     |        ^^^^^^^^^^^^^
   8 |     raise ValueError("something went wrong")
     |
  
  ━━━ Diff ━━━━━━━━━━━━━━━━━━━━━━━━━━━━━━━━━━━━━━━━━
  
  --- ris001.py
  +++ ris001.py (fixed)
  @@ -4,7 +4,11 @@
   
   # violation
   def missing_raises_section():
  -    """Do something."""
  +    """Do something.
  +
  +    Raises:
  +        ValueError:
  +    """
       raise ValueError("something went wrong")
  '''
# ---
