# serializer version: 1
# name: TestRTN002.test_rule
  '''
  ━━━ Diagnostics ━━━━━━━━━━━━━━━━━━━━━━━━━━━━━━━━━━
  
  RTN002 [*] Unnecessary Returns section in docstring.
    --> rtn002.py:8:5
     |
   6 |     """Do something.
   7 | 
   8 |     Returns:
     |     ^^^^^^^
   9 |         None: This function doesn't actually return a value.
  10 |     """
     |
  
  ━━━ Diff ━━━━━━━━━━━━━━━━━━━━━━━━━━━━━━━━━━━━━━━━━
  
  --- rtn002.py
  +++ rtn002.py (fixed)
  @@ -4,9 +4,6 @@
   # violation
   def no_return_but_has_section() -> None:
       """Do something.
  -
  -    Returns:
  -        None: This function doesn't actually return a value.
       """
       pass
  '''
# ---
