# serializer version: 1
# name: TestRTN102.test_rule
  '''
  ━━━ Diagnostics ━━━━━━━━━━━━━━━━━━━━━━━━━━━━━━━━━━
  
  rtn102.py:9:9: RTN102 [] Return type not in docstring or signature.
     |
   8 |     Returns:
   9 |         The result with no type in docstring or signature.
     |         ^^^^^^^^^^^^^^^^^^^^^^^^^^^^^^^^^^^^^^^^^^^^^^^^^^
  10 |     """
     |
  
  ━━━ Diff ━━━━━━━━━━━━━━━━━━━━━━━━━━━━━━━━━━━━━━━━━
  
  (no fix)
  '''
# ---
