# serializer version: 1
# name: TestRTN101.test_rule
  '''
  ━━━ Diagnostics ━━━━━━━━━━━━━━━━━━━━━━━━━━━━━━━━━━
  
  RTN101 [unsafe] Docstring return type 'str' does not match type hint 'int'.
    --> rtn101.py:9:9
     |
   7 | 
   8 |     Returns:
   9 |         str: Wrong type in docstring.
     |         ^^^
  10 |     """
  11 |     return 42
     |
  
  ━━━ Diff ━━━━━━━━━━━━━━━━━━━━━━━━━━━━━━━━━━━━━━━━━
  
  --- rtn101.py
  +++ rtn101.py (fixed)
  @@ -6,7 +6,7 @@
       """Do something.
   
       Returns:
  -        str: Wrong type in docstring.
  +        int: Wrong type in docstring.
       """
       return 42
  '''
# ---
