# serializer version: 1
# name: TestRTN001.test_rule
  '''
  ━━━ Diagnostics ━━━━━━━━━━━━━━━━━━━━━━━━━━━━━━━━━━
  
  rtn001.py:7:8: RTN001 [unsafe] Missing Returns section in docstring.
     |
   6 | def missing_returns_section(x: int) -> int:
   7 |     """Do something."""
     |        ^^^^^^^^^^^^^
   8 |     return x
     |
  
  ━━━ Diff ━━━━━━━━━━━━━━━━━━━━━━━━━━━━━━━━━━━━━━━━━
  
  --- rtn001.py
  +++ rtn001.py (fixed)
  @@ -4,7 +4,11 @@
   
   # violation
   def missing_returns_section(x: int) -> int:
  -    """Do something."""
  +    """Do something.
  +
  +    Returns:
  +        int:
  +    """
       return x
  '''
# ---
