# serializer version: 1
# name: TestRTN003.test_rule
  '''
  ━━━ Diagnostics ━━━━━━━━━━━━━━━━━━━━━━━━━━━━━━━━━━
  
  rtn003.py:9:9: RTN003 Returns section has no description.
     |
   7 | 
   8 |     Returns:
   9 |         int:
     |         ^^^ RTN003
  10 |     """
  11 |     return 42
     |
  
  ━━━ Diff ━━━━━━━━━━━━━━━━━━━━━━━━━━━━━━━━━━━━━━━━━
  
  (no fix)
  '''
# ---
