# serializer version: 1
# name: TestRTN103.test_rule
  '''
  ━━━ Diagnostics ━━━━━━━━━━━━━━━━━━━━━━━━━━━━━━━━━━
  
  rtn103.py:10:9: RTN103 [unsafe] Return has no type in docstring.
     |
   9 |     Returns:
  10 |         The result with no type in docstring.
     |         ^^^^^^^^^^^^^^^^^^^^^^^^^^^^^^^^^^^^^
  11 |     """
     |
  
  ━━━ Diff ━━━━━━━━━━━━━━━━━━━━━━━━━━━━━━━━━━━━━━━━━
  
  --- rtn103.py
  +++ rtn103.py (fixed)
  @@ -7,7 +7,7 @@
       """Do something.
   
       Returns:
  -        The result with no type in docstring.
  +        int: The result with no type in docstring.
       """
       return 42
  '''
# ---
