# serializer version: 1
# name: TestRTN003.test_rule
  '''
  ━━━ Diagnostics ━━━━━━━━━━━━━━━━━━━━━━━━━━━━━━━━━━
  
  rtn003.py:9:9: RTN003 [] Returns section has no description.
     |
   8 |     Returns:
   9 |         int:
     |         ^^^
  10 |     """
     |
  
  ━━━ Diff ━━━━━━━━━━━━━━━━━━━━━━━━━━━━━━━━━━━━━━━━━
  
  (no fix)
  '''
# ---
